Flow report for monociclo
Thu Jul 13 19:57:47 2023
Quartus Prime Version 20.1.1 Build 720 11/11/2020 SJ Lite Edition


---------------------
; Table of Contents ;
---------------------
  1. Legal Notice
  2. Flow Summary
  3. Flow Settings
  4. Flow Non-Default Global Settings
  5. Flow Elapsed Time
  6. Flow OS Summary
  7. Flow Log
  8. Flow Messages
  9. Flow Suppressed Messages



----------------
; Legal Notice ;
----------------
Copyright (C) 2020  Intel Corporation. All rights reserved.
Your use of Intel Corporation's design tools, logic functions 
and other software and tools, and any partner logic 
functions, and any output files from any of the foregoing 
(including device programming or simulation files), and any 
associated documentation or information are expressly subject 
to the terms and conditions of the Intel Program License 
Subscription Agreement, the Intel Quartus Prime License Agreement,
the Intel FPGA IP License Agreement, or other applicable license
agreement, including, without limitation, that your use is for
the sole purpose of programming logic devices manufactured by
Intel and sold by Intel or its authorized distributors.  Please
refer to the applicable agreement for further details, at
https://fpgasoftware.intel.com/eula.



+----------------------------------------------------------------------------------+
; Flow Summary                                                                     ;
+------------------------------------+---------------------------------------------+
; Flow Status                        ; Successful - Thu Jul 13 19:57:47 2023       ;
; Quartus Prime Version              ; 20.1.1 Build 720 11/11/2020 SJ Lite Edition ;
; Revision Name                      ; monociclo                                   ;
; Top-level Entity Name              ; monociclocompleto_fpga                      ;
; Family                             ; Cyclone IV E                                ;
; Device                             ; EP4CE115F29C7                               ;
; Timing Models                      ; Final                                       ;
; Total logic elements               ; 46,774 / 114,480 ( 41 % )                   ;
;     Total combinational functions  ; 28,666 / 114,480 ( 25 % )                   ;
;     Dedicated logic registers      ; 34,890 / 114,480 ( 30 % )                   ;
; Total registers                    ; 34890                                       ;
; Total pins                         ; 71 / 529 ( 13 % )                           ;
; Total virtual pins                 ; 0                                           ;
; Total memory bits                  ; 0 / 3,981,312 ( 0 % )                       ;
; Embedded Multiplier 9-bit elements ; 6 / 532 ( 1 % )                             ;
; Total PLLs                         ; 0 / 4 ( 0 % )                               ;
+------------------------------------+---------------------------------------------+


+-----------------------------------------+
; Flow Settings                           ;
+-------------------+---------------------+
; Option            ; Setting             ;
+-------------------+---------------------+
; Start date & time ; 07/13/2023 19:00:27 ;
; Main task         ; Compilation         ;
; Revision Name     ; monociclo           ;
+-------------------+---------------------+


+------------------------------------------------------------------------------------------------------------------------------------------------------------+
; Flow Non-Default Global Settings                                                                                                                           ;
+--------------------------------------+----------------------------------------+---------------+------------------------+-----------------------------------+
; Assignment Name                      ; Value                                  ; Default Value ; Entity Name            ; Section Id                        ;
+--------------------------------------+----------------------------------------+---------------+------------------------+-----------------------------------+
; COMPILER_SIGNATURE_ID                ; 140953635659976.168929642737695        ; --            ; --                     ; --                                ;
; EDA_DESIGN_INSTANCE_NAME             ; NA                                     ; --            ; --                     ; Monociclo                         ;
; EDA_DESIGN_INSTANCE_NAME             ; NA                                     ; --            ; --                     ; Monociclo_vlg_tst                 ;
; EDA_ENABLE_GLITCH_FILTERING          ; On                                     ; --            ; --                     ; eda_simulation                    ;
; EDA_GENERATE_FUNCTIONAL_NETLIST      ; Off                                    ; --            ; --                     ; eda_board_design_timing           ;
; EDA_GENERATE_FUNCTIONAL_NETLIST      ; Off                                    ; --            ; --                     ; eda_board_design_boundary_scan    ;
; EDA_GENERATE_FUNCTIONAL_NETLIST      ; Off                                    ; --            ; --                     ; eda_board_design_signal_integrity ;
; EDA_GENERATE_FUNCTIONAL_NETLIST      ; Off                                    ; --            ; --                     ; eda_board_design_symbol           ;
; EDA_MAP_ILLEGAL_CHARACTERS           ; On                                     ; --            ; --                     ; eda_simulation                    ;
; EDA_NATIVELINK_SIMULATION_TEST_BENCH ; Monociclo                              ; --            ; --                     ; eda_simulation                    ;
; EDA_OUTPUT_DATA_FORMAT               ; Verilog Hdl                            ; --            ; --                     ; eda_simulation                    ;
; EDA_SIMULATION_TOOL                  ; ModelSim-Altera (Verilog)              ; <None>        ; --                     ; --                                ;
; EDA_TEST_BENCH_DESIGN_INSTANCE_NAME  ; DUT                                    ; --            ; --                     ; eda_simulation                    ;
; EDA_TEST_BENCH_ENABLE_STATUS         ; TEST_BENCH_MODE                        ; --            ; --                     ; eda_simulation                    ;
; EDA_TEST_BENCH_FILE                  ; simulation/modelsim/Monociclo.vt       ; --            ; --                     ; Monociclo                         ;
; EDA_TEST_BENCH_FILE                  ; simulation/modelsim/Monociclo.vt       ; --            ; --                     ; Monociclo_vlg_tst                 ;
; EDA_TEST_BENCH_MODULE_NAME           ; Monociclo_vlg_tst                      ; --            ; --                     ; Monociclo                         ;
; EDA_TEST_BENCH_MODULE_NAME           ; Monociclo                              ; --            ; --                     ; Monociclo_vlg_tst                 ;
; EDA_TEST_BENCH_NAME                  ; Monociclo                              ; --            ; --                     ; eda_simulation                    ;
; EDA_TEST_BENCH_NAME                  ; Monociclo_vlg_tst                      ; --            ; --                     ; eda_simulation                    ;
; EDA_TIME_SCALE                       ; 1 ns                                   ; --            ; --                     ; eda_simulation                    ;
; EDA_WRITE_NODES_FOR_POWER_ESTIMATION ; ALL_NODES                              ; --            ; --                     ; eda_simulation                    ;
; MAX_CORE_JUNCTION_TEMP               ; 85                                     ; --            ; --                     ; --                                ;
; MIN_CORE_JUNCTION_TEMP               ; 0                                      ; --            ; --                     ; --                                ;
; PARTITION_COLOR                      ; -- (Not supported for targeted family) ; --            ; monociclocompleto_fpga ; Top                               ;
; PARTITION_FITTER_PRESERVATION_LEVEL  ; -- (Not supported for targeted family) ; --            ; monociclocompleto_fpga ; Top                               ;
; PARTITION_NETLIST_TYPE               ; -- (Not supported for targeted family) ; --            ; monociclocompleto_fpga ; Top                               ;
; POWER_BOARD_THERMAL_MODEL            ; None (CONSERVATIVE)                    ; --            ; --                     ; --                                ;
; POWER_PRESET_COOLING_SOLUTION        ; 23 MM HEAT SINK WITH 200 LFPM AIRFLOW  ; --            ; --                     ; --                                ;
; PROJECT_OUTPUT_DIRECTORY             ; output_files                           ; --            ; --                     ; --                                ;
; TOP_LEVEL_ENTITY                     ; monociclocompleto_fpga                 ; monociclo     ; --                     ; --                                ;
+--------------------------------------+----------------------------------------+---------------+------------------------+-----------------------------------+


+--------------------------------------------------------------------------------------------------------------------------+
; Flow Elapsed Time                                                                                                        ;
+----------------------+--------------+-------------------------+---------------------+------------------------------------+
; Module Name          ; Elapsed Time ; Average Processors Used ; Peak Virtual Memory ; Total CPU Time (on all processors) ;
+----------------------+--------------+-------------------------+---------------------+------------------------------------+
; Analysis & Synthesis ; 00:01:58     ; 1.0                     ; 767 MB              ; 00:02:06                           ;
; Fitter               ; 00:52:23     ; 1.1                     ; 2342 MB             ; 01:30:39                           ;
; Assembler            ; 00:00:04     ; 1.0                     ; 514 MB              ; 00:00:05                           ;
; Timing Analyzer      ; 00:02:35     ; 3.5                     ; 2089 MB             ; 00:02:59                           ;
; EDA Netlist Writer   ; 00:00:07     ; 1.0                     ; 782 MB              ; 00:00:07                           ;
; Total                ; 00:57:07     ; --                      ; --                  ; 01:35:56                           ;
+----------------------+--------------+-------------------------+---------------------+------------------------------------+


+-------------------------------------------------------------------------------------------+
; Flow OS Summary                                                                           ;
+----------------------+---------------------+----------------+------------+----------------+
; Module Name          ; Machine Hostname    ; OS Name        ; OS Version ; Processor type ;
+----------------------+---------------------+----------------+------------+----------------+
; Analysis & Synthesis ; mars-GF63-Thin-9RCX ; Ubuntu 22.04.2 ; 22         ; x86_64         ;
; Fitter               ; mars-GF63-Thin-9RCX ; Ubuntu 22.04.2 ; 22         ; x86_64         ;
; Assembler            ; mars-GF63-Thin-9RCX ; Ubuntu 22.04.2 ; 22         ; x86_64         ;
; Timing Analyzer      ; mars-GF63-Thin-9RCX ; Ubuntu 22.04.2 ; 22         ; x86_64         ;
; EDA Netlist Writer   ; mars-GF63-Thin-9RCX ; Ubuntu 22.04.2 ; 22         ; x86_64         ;
+----------------------+---------------------+----------------+------------+----------------+


------------
; Flow Log ;
------------
quartus_map --read_settings_files=on --write_settings_files=off monociclo -c monociclo
quartus_fit --read_settings_files=off --write_settings_files=off monociclo -c monociclo
quartus_asm --read_settings_files=off --write_settings_files=off monociclo -c monociclo
quartus_sta monociclo -c monociclo
quartus_eda --read_settings_files=off --write_settings_files=off monociclo -c monociclo



